
> kasma-backend@0.0.1 build
> nest build

node.exe : [96msrc/modules/ecommerce/marketing/coupon
/coupon.service.ts[0m:[93m17[0m:[93m50[0m - 
[91merror[0m[90m TS1272: [0mA type referenced in 
a decorated signature must be imported with 'import 
type' or a namespace import when 'isolatedModules' 
and 'emitDecoratorMetadata' are enabled.
At line:1 char:1
+ & "C:\Program Files\nodejs/node.exe" "C:\Program 
Files\nodejs/node_mo ...
+ ~~~~~~~~~~~~~~~~~~~~~~~~~~~~~~~~~~~~~~~~~~~~~~~~~~~~
~~~~~~~~~~~~~~~~~
    + CategoryInfo          : NotSpecified: ([96msrc 
   /module...a' are enabled.:String) [], RemoteExcep  
  tion
    + FullyQualifiedErrorId : NativeCommandError
 

[7m17[0m     @Inject(CACHE_MANAGER) private 
cacheManager: Cache,
[7m  [0m [91m                                      
           ~~~~~[0m

  [96msrc/modules/ecommerce/marketing/coupon/coupon.s
ervice.ts[0m:[93m3[0m:[93m10[0m
    [7m3[0m import { Cache } from 'cache-manager';
    [7m [0m [96m         ~~~~~[0m
    'Cache' was imported here.
[96msrc/modules/ecommerce/marketing/coupon/coupon.ser
vice.ts[0m:[93m78[0m:[93m7[0m - 
[91merror[0m[90m TS2322: [0mType 'Coupon | null' 
is not assignable to type 'Coupon | undefined'.
  Type 'null' is not assignable to type 'Coupon | 
undefined'.

[7m78[0m       coupon = await 
this.couponRepo.findOne({ where: { code, isActive: 
true } });
[7m  [0m [91m      ~~~~~~[0m
[96msrc/modules/ecommerce/marketing/promotion/promoti
on.service.ts[0m:[93m17[0m:[93m50[0m - 
[91merror[0m[90m TS1272: [0mA type referenced in 
a decorated signature must be imported with 'import 
type' or a namespace import when 'isolatedModules' 
and 'emitDecoratorMetadata' are enabled.

[7m17[0m     @Inject(CACHE_MANAGER) private 
cacheManager: Cache,
[7m  [0m [91m                                      
           ~~~~~[0m

  [96msrc/modules/ecommerce/marketing/promotion/promo
tion.service.ts[0m:[93m3[0m:[93m10[0m
    [7m3[0m import { Cache } from 'cache-manager';
    [7m [0m [96m         ~~~~~[0m
    'Cache' was imported here.

Found 3 error(s).

